
C:\Users\truon\AppData\Local\Programs\Python\Python311\python.exe: No module named pytest
